[2m2026-01-19T06:56:23.866472Z[0m [32m INFO[0m main ThreadId(01) [2mchronoxide_core::telemetry::logger[0m[2m:[0m [2mchronoxide-core/src/telemetry/logger.rs[0m[2m:[0m[2m87:[0m Logger initialized
[2m2026-01-19T06:56:23.866508Z[0m [32m INFO[0m main ThreadId(01) [2mopentelemetry[0m[2m:[0m [2m/home/user/.cargo/registry/src/index.crates.io-1949cf8c6b5b557f/opentelemetry-0.31.0/src/global/metrics.rs[0m[2m:[0m[2m29:[0m  [3mname[0m[2m=[0m"MeterProvider.GlobalSet" Global meter provider is set. Meters can now be created using global::meter() or global::meter_with_scope().
[2m2026-01-19T06:56:23.866512Z[0m [32m INFO[0m main ThreadId(01) [2mchronoxide_ingester[0m[2m:[0m [2mchronoxide-ingester/src/main.rs[0m[2m:[0m[2m53:[0m OTLP logging disabled (no OTEL endpoint configured)
[2m2026-01-19T06:56:23.866514Z[0m [32m INFO[0m main ThreadId(01) [2mchronoxide_ingester[0m[2m:[0m [2mchronoxide-ingester/src/main.rs[0m[2m:[0m[2m56:[0m OTLP metrics disabled (no OTEL endpoint configured)
[2m2026-01-19T06:56:23.866515Z[0m [32m INFO[0m main ThreadId(01) [2mchronoxide_ingester[0m[2m:[0m [2mchronoxide-ingester/src/main.rs[0m[2m:[0m[2m58:[0m Meter provider initialized
[2m2026-01-19T06:56:23.866517Z[0m [32m INFO[0m main ThreadId(01) [2mchronoxide_core::util[0m[2m:[0m [2mchronoxide-core/src/util.rs[0m[2m:[0m[2m32:[0m Loading config from chronoxide-ingester/config/dc/sg/metric.toml
[2m2026-01-19T06:56:23.866562Z[0m [32m INFO[0m main ThreadId(01) [2mchronoxide_ingester[0m[2m:[0m [2mchronoxide-ingester/src/main.rs[0m[2m:[0m[2m62:[0m 
[kafka]
brokers = ["localhost:9092"]
group_id = "chronoxide-ingester"
topic = "otlp_metrics"
client_id = "chronoxide-ingester"
session_timeout_ms = 10000
enable_auto_commit = false
auto_offset_reset = "earliest"
max_inflight = 1
fetch_min_bytes = 1
fetch_wait_max_ms = 100

[ingestion]
max_event_age_secs = 3600
max_event_lead_secs = -5
drop_outdated = true
labelset_store = "key_set_dict_encoded"
labelset_report_interval_secs = 10
replay_from = "/tmp/chronoxide-otlp_all_.capture"
capture_only = false

[2m2026-01-19T06:56:23.866580Z[0m [32m INFO[0m main ThreadId(01) [2mchronoxide_ingester::source[0m[2m:[0m [2mchronoxide-ingester/src/source.rs[0m[2m:[0m[2m206:[0m Replaying OTLP ExportMetricsServiceRequest messages from /tmp/chronoxide-otlp_all_.capture
...
[2m2026-01-19T07:17:18.278125Z[0m [32m INFO[0m main ThreadId(01) [2mchronoxide_ingester::processor[0m[2m:[0m [2mchronoxide-ingester/src/processor.rs[0m[2m:[0m[2m815:[0m LabelSetLatency store=KeySetDictEncoded msg_samples=11267043 msg_seen=11267043 dp_samples=11267043 dp_seen=423188201 msg_total=n=11267043 p50=8.837µs p75=15.573µs p95=677.331µs p99=1.464499ms mean=80.969µs stddev=322.035µs min=520ns max=476.307601ms dp_total=n=11267043 p50=1.969µs p75=2.286µs p95=2.919µs p99=3.943µs mean=1.941µs stddev=7.423µs min=365ns max=24.728815ms dp_intern=n=11267043 p50=1.697µs p75=1.965µs p95=2.492µs p99=3.303µs mean=1.653µs stddev=7.412µs min=290ns max=24.727919ms dp_build=n=11267043 p50=271ns p75=327ns p95=428ns p99=611ns mean=287ns stddev=228ns min=52ns max=125.661µs dp_per_msg=n=11267043 p50=5 p75=7 p95=491 p99=500 mean=37.56 stddev=116.41 min=1 max=3998
[2m2026-01-19T07:17:28.340557Z[0m [32m INFO[0m main ThreadId(01) [2mchronoxide_ingester::processor[0m[2m:[0m [2mchronoxide-ingester/src/processor.rs[0m[2m:[0m[2m658:[0m LabelSets store=KeySetDictEncoded messages=11361139 (+94096, 9408.23 msg/s in 10.06242092s) datapoints=426530543 (+3342342, 334185.66 dp/s) series=75285052 symbols=2099906 keysets=5630 skipped_non_scalar_values=0 skipped_labelset_errors=0 processing_time=7.332515035s intern_time=6.24916382s build_time=1.083351215s avg_msg_time=77.925µs avg_dp_time=2.193µs
[2m2026-01-19T07:17:28.340586Z[0m [32m INFO[0m main ThreadId(01) [2mchronoxide_ingester::processor[0m[2m:[0m [2mchronoxide-ingester/src/processor.rs[0m[2m:[0m[2m686:[0m LabelSetStoreSize store=KeySetDictEncoded series=75285052 alloc_bytes=13219955332 alloc_bps=175 used_bytes=8939503455 used_bps=118 symbols_alloc_bytes=255852544 symbols_used_bytes=159586655
[2m2026-01-19T07:17:28.340589Z[0m [32m INFO[0m main ThreadId(01) [2mchronoxide_ingester::processor[0m[2m:[0m [2mchronoxide-ingester/src/processor.rs[0m[2m:[0m[2m699:[0m LabelSetStoreBuffers store=KeySetDictEncoded type=chronoxide_core::labels::interners::KeySetLabelSetStoreBufferStats by_hash_len=75285052 by_hash_cap=117440512 by_hash_collisions_len=0 by_hash_collisions_cap=0 series_len=75285052 series_cap=134217728 per_keyset_rows_len=5630 per_keyset_rows_cap=8192 per_keyset_values_len=1735433827 per_keyset_values_cap=2388419245 value_dicts_len=1751 value_dicts_cap=1792 sum_per_key_cardinality=2515124 global_distinct_values=2098370 keysets_len=5630 keysets_cap=8192 keyset_to_id_len=5630 keyset_to_id_cap=7168
[2m2026-01-19T07:17:28.340592Z[0m [32m INFO[0m main ThreadId(01) [2mchronoxide_ingester::processor[0m[2m:[0m [2mchronoxide-ingester/src/processor.rs[0m[2m:[0m[2m707:[0m SymbolTableStats store=KeySetDictEncoded kind=arena symbols=2099906 hash_to_id_len=2099906 hash_to_id_cap=3670016 hash_collisions_len=0 hash_collisions_cap=0 arena_len=113388723 arena_cap=159383552 id_to_loc_len=2099906 id_to_loc_cap=4194304
[2m2026-01-19T07:17:28.340594Z[0m [32m INFO[0m main ThreadId(01) [2mchronoxide_ingester::processor[0m[2m:[0m [2mchronoxide-ingester/src/processor.rs[0m[2m:[0m[2m727:[0m OtlpMetricTypes store=KeySetDictEncoded metrics=84029899 (+713220, 71311.64 metrics/s) gauge=61701226 sum=17409195 histogram=2862563 exponential_histogram=1008999 summary=1047916
[2m2026-01-19T07:17:28.340596Z[0m [32m INFO[0m main ThreadId(01) [2mchronoxide_ingester::processor[0m[2m:[0m [2mchronoxide-ingester/src/processor.rs[0m[2m:[0m[2m753:[0m OtlpUniqueMetrics store=KeySetDictEncoded unique_metrics=20042 (+4, 0.40 unique/s)
[2m2026-01-19T07:17:28.340598Z[0m [32m INFO[0m main ThreadId(01) [2mchronoxide_ingester::processor[0m[2m:[0m [2mchronoxide-ingester/src/processor.rs[0m[2m:[0m[2m774:[0m OtlpDatapointTypes store=KeySetDictEncoded datapoints=426530543 (+3342342, 334185.66 dp/s) gauge=243677561 sum=135532796 histogram=25059063 exponential_histogram=20814991 summary=1446132
[2m2026-01-19T07:17:28.340600Z[0m [32m INFO[0m main ThreadId(01) [2mchronoxide_ingester::processor[0m[2m:[0m [2mchronoxide-ingester/src/processor.rs[0m[2m:[0m[2m790:[0m PartitionWatermark 436695 messages with datapoints=17780747 for topic=otlp_metrics partition=20 min_ts=2026-01-18 05:20:57.108 UTC max_ts=2026-01-18 06:04:27.611 UTC, duration=PT2610.503S
[2m2026-01-19T07:17:28.340609Z[0m [32m INFO[0m main ThreadId(01) [2mchronoxide_ingester::processor[0m[2m:[0m [2mchronoxide-ingester/src/processor.rs[0m[2m:[0m[2m790:[0m PartitionWatermark 451999 messages with datapoints=15803757 for topic=otlp_metrics partition=1 min_ts=2026-01-18 05:14:07.854 UTC max_ts=2026-01-18 05:58:04.085 UTC, duration=PT2636.231S
[2m2026-01-19T07:17:28.340611Z[0m [32m INFO[0m main ThreadId(01) [2mchronoxide_ingester::processor[0m[2m:[0m [2mchronoxide-ingester/src/processor.rs[0m[2m:[0m[2m790:[0m PartitionWatermark 322954 messages with datapoints=13628759 for topic=otlp_metrics partition=8 min_ts=2026-01-18 05:21:38.775 UTC max_ts=2026-01-18 05:59:47.046 UTC, duration=PT2288.271S
[2m2026-01-19T07:17:28.340612Z[0m [32m INFO[0m main ThreadId(01) [2mchronoxide_ingester::processor[0m[2m:[0m [2mchronoxide-ingester/src/processor.rs[0m[2m:[0m[2m790:[0m PartitionWatermark 953179 messages with datapoints=31530193 for topic=otlp_metrics partition=10 min_ts=2026-01-18 05:19:12.034 UTC max_ts=2026-01-18 05:58:16.328 UTC, duration=PT2344.294S
[2m2026-01-19T07:17:28.340614Z[0m [32m INFO[0m main ThreadId(01) [2mchronoxide_ingester::processor[0m[2m:[0m [2mchronoxide-ingester/src/processor.rs[0m[2m:[0m[2m790:[0m PartitionWatermark 414731 messages with datapoints=15865946 for topic=otlp_metrics partition=0 min_ts=2026-01-18 05:10:09.342 UTC max_ts=2026-01-18 05:52:23.754 UTC, duration=PT2534.412S
[2m2026-01-19T07:17:28.340616Z[0m [32m INFO[0m main ThreadId(01) [2mchronoxide_ingester::processor[0m[2m:[0m [2mchronoxide-ingester/src/processor.rs[0m[2m:[0m[2m790:[0m PartitionWatermark 626514 messages with datapoints=19131539 for topic=otlp_metrics partition=9 min_ts=2026-01-18 05:20:37.180 UTC max_ts=2026-01-18 06:01:10.070 UTC, duration=PT2432.89S
[2m2026-01-19T07:17:28.340617Z[0m [32m INFO[0m main ThreadId(01) [2mchronoxide_ingester::processor[0m[2m:[0m [2mchronoxide-ingester/src/processor.rs[0m[2m:[0m[2m790:[0m PartitionWatermark 317935 messages with datapoints=11257907 for topic=otlp_metrics partition=7 min_ts=2026-01-18 05:20:16.194 UTC max_ts=2026-01-18 06:00:00.316 UTC, duration=PT2384.122S
[2m2026-01-19T07:17:28.340619Z[0m [32m INFO[0m main ThreadId(01) [2mchronoxide_ingester::processor[0m[2m:[0m [2mchronoxide-ingester/src/processor.rs[0m[2m:[0m[2m790:[0m PartitionWatermark 422884 messages with datapoints=13750688 for topic=otlp_metrics partition=12 min_ts=2026-01-18 05:20:10.730 UTC max_ts=2026-01-18 05:56:08.780 UTC, duration=PT2158.05S
[2m2026-01-19T07:17:28.340620Z[0m [32m INFO[0m main ThreadId(01) [2mchronoxide_ingester::processor[0m[2m:[0m [2mchronoxide-ingester/src/processor.rs[0m[2m:[0m[2m790:[0m PartitionWatermark 554023 messages with datapoints=23138590 for topic=otlp_metrics partition=11 min_ts=2026-01-18 05:18:13.368 UTC max_ts=2026-01-18 05:58:29.575 UTC, duration=PT2416.207S
[2m2026-01-19T07:17:28.340622Z[0m [32m INFO[0m main ThreadId(01) [2mchronoxide_ingester::processor[0m[2m:[0m [2mchronoxide-ingester/src/processor.rs[0m[2m:[0m[2m790:[0m PartitionWatermark 577842 messages with datapoints=21600407 for topic=otlp_metrics partition=19 min_ts=2026-01-18 05:18:00.994 UTC max_ts=2026-01-18 05:58:20.374 UTC, duration=PT2419.38S
[2m2026-01-19T07:17:28.340623Z[0m [32m INFO[0m main ThreadId(01) [2mchronoxide_ingester::processor[0m[2m:[0m [2mchronoxide-ingester/src/processor.rs[0m[2m:[0m[2m790:[0m PartitionWatermark 779401 messages with datapoints=36366293 for topic=otlp_metrics partition=18 min_ts=2026-01-18 05:24:21.465 UTC max_ts=2026-01-18 05:57:11.464 UTC, duration=PT1969.999S
[2m2026-01-19T07:17:28.340625Z[0m [32m INFO[0m main ThreadId(01) [2mchronoxide_ingester::processor[0m[2m:[0m [2mchronoxide-ingester/src/processor.rs[0m[2m:[0m[2m790:[0m PartitionWatermark 296713 messages with datapoints=11390939 for topic=otlp_metrics partition=14 min_ts=2026-01-18 05:17:13.187 UTC max_ts=2026-01-18 05:57:29.228 UTC, duration=PT2416.041S
[2m2026-01-19T07:17:28.340628Z[0m [32m INFO[0m main ThreadId(01) [2mchronoxide_ingester::processor[0m[2m:[0m [2mchronoxide-ingester/src/processor.rs[0m[2m:[0m[2m790:[0m PartitionWatermark 407114 messages with datapoints=17646654 for topic=otlp_metrics partition=21 min_ts=2026-01-18 05:16:41.395 UTC max_ts=2026-01-18 05:56:43.657 UTC, duration=PT2402.262S
[2m2026-01-19T07:17:28.340629Z[0m [32m INFO[0m main ThreadId(01) [2mchronoxide_ingester::processor[0m[2m:[0m [2mchronoxide-ingester/src/processor.rs[0m[2m:[0m[2m790:[0m PartitionWatermark 492576 messages with datapoints=14291640 for topic=otlp_metrics partition=16 min_ts=2026-01-18 05:22:25.558 UTC max_ts=2026-01-18 06:00:50.435 UTC, duration=PT2304.877S
[2m2026-01-19T07:17:28.340631Z[0m [32m INFO[0m main ThreadId(01) [2mchronoxide_ingester::processor[0m[2m:[0m [2mchronoxide-ingester/src/processor.rs[0m[2m:[0m[2m790:[0m PartitionWatermark 348176 messages with datapoints=13627446 for topic=otlp_metrics partition=17 min_ts=2026-01-18 05:16:46.692 UTC max_ts=2026-01-18 05:58:49.415 UTC, duration=PT2522.723S
[2m2026-01-19T07:17:28.340633Z[0m [32m INFO[0m main ThreadId(01) [2mchronoxide_ingester::processor[0m[2m:[0m [2mchronoxide-ingester/src/processor.rs[0m[2m:[0m[2m790:[0m PartitionWatermark 326595 messages with datapoints=11743503 for topic=otlp_metrics partition=5 min_ts=2026-01-18 05:15:59.448 UTC max_ts=2026-01-18 05:53:14.588 UTC, duration=PT2235.14S
[2m2026-01-19T07:17:28.340634Z[0m [32m INFO[0m main ThreadId(01) [2mchronoxide_ingester::processor[0m[2m:[0m [2mchronoxide-ingester/src/processor.rs[0m[2m:[0m[2m790:[0m PartitionWatermark 304920 messages with datapoints=13057452 for topic=otlp_metrics partition=22 min_ts=2026-01-18 05:19:57.897 UTC max_ts=2026-01-18 05:58:22.875 UTC, duration=PT2304.978S
[2m2026-01-19T07:17:28.340636Z[0m [32m INFO[0m main ThreadId(01) [2mchronoxide_ingester::processor[0m[2m:[0m [2mchronoxide-ingester/src/processor.rs[0m[2m:[0m[2m790:[0m PartitionWatermark 800130 messages with datapoints=34157791 for topic=otlp_metrics partition=15 min_ts=2026-01-18 05:18:27.317 UTC max_ts=2026-01-18 06:04:14.481 UTC, duration=PT2747.164S
[2m2026-01-19T07:17:28.340637Z[0m [32m INFO[0m main ThreadId(01) [2mchronoxide_ingester::processor[0m[2m:[0m [2mchronoxide-ingester/src/processor.rs[0m[2m:[0m[2m790:[0m PartitionWatermark 434651 messages with datapoints=15707179 for topic=otlp_metrics partition=6 min_ts=2026-01-18 05:15:50.733 UTC max_ts=2026-01-18 05:56:20.728 UTC, duration=PT2429.995S
[2m2026-01-19T07:17:28.340639Z[0m [32m INFO[0m main ThreadId(01) [2mchronoxide_ingester::processor[0m[2m:[0m [2mchronoxide-ingester/src/processor.rs[0m[2m:[0m[2m790:[0m PartitionWatermark 572189 messages with datapoints=21968438 for topic=otlp_metrics partition=2 min_ts=2026-01-18 05:13:38.047 UTC max_ts=2026-01-18 05:59:52.906 UTC, duration=PT2774.859S
[2m2026-01-19T07:17:28.340640Z[0m [32m INFO[0m main ThreadId(01) [2mchronoxide_ingester::processor[0m[2m:[0m [2mchronoxide-ingester/src/processor.rs[0m[2m:[0m[2m790:[0m PartitionWatermark 305959 messages with datapoints=11886251 for topic=otlp_metrics partition=3 min_ts=2026-01-18 05:20:33.210 UTC max_ts=2026-01-18 05:57:40 UTC, duration=PT2226.79S
[2m2026-01-19T07:17:28.340642Z[0m [32m INFO[0m main ThreadId(01) [2mchronoxide_ingester::processor[0m[2m:[0m [2mchronoxide-ingester/src/processor.rs[0m[2m:[0m[2m790:[0m PartitionWatermark 343235 messages with datapoints=11669767 for topic=otlp_metrics partition=23 min_ts=2026-01-18 05:17:58.565 UTC max_ts=2026-01-18 06:01:09.971 UTC, duration=PT2591.406S
[2m2026-01-19T07:17:28.340644Z[0m [32m INFO[0m main ThreadId(01) [2mchronoxide_ingester::processor[0m[2m:[0m [2mchronoxide-ingester/src/processor.rs[0m[2m:[0m[2m790:[0m PartitionWatermark 471465 messages with datapoints=15613358 for topic=otlp_metrics partition=13 min_ts=2026-01-18 05:18:03.922 UTC max_ts=2026-01-18 05:57:46.441 UTC, duration=PT2382.519S
[2m2026-01-19T07:17:28.340646Z[0m [32m INFO[0m main ThreadId(01) [2mchronoxide_ingester::processor[0m[2m:[0m [2mchronoxide-ingester/src/processor.rs[0m[2m:[0m[2m790:[0m PartitionWatermark 399259 messages with datapoints=13915299 for topic=otlp_metrics partition=4 min_ts=2026-01-18 05:17:57.240 UTC max_ts=2026-01-18 05:55:19.694 UTC, duration=PT2242.454S
[2m2026-01-19T07:17:28.341015Z[0m [32m INFO[0m main ThreadId(01) [2mchronoxide_ingester::processor[0m[2m:[0m [2mchronoxide-ingester/src/processor.rs[0m[2m:[0m[2m815:[0m LabelSetLatency store=KeySetDictEncoded msg_samples=11361139 msg_seen=11361139 dp_samples=11361139 dp_seen=426530543 msg_total=n=11361139 p50=8.837µs p75=15.577µs p95=676.899µs p99=1.464446ms mean=80.944µs stddev=321.65µs min=520ns max=476.307601ms dp_total=n=11361139 p50=1.969µs p75=2.286µs p95=2.919µs p99=3.943µs mean=1.941µs stddev=7.392µs min=365ns max=24.728815ms dp_intern=n=11361139 p50=1.697µs p75=1.965µs p95=2.492µs p99=3.303µs mean=1.653µs stddev=7.382µs min=290ns max=24.727919ms dp_build=n=11361139 p50=271ns p75=327ns p95=428ns p99=611ns mean=287ns stddev=228ns min=52ns max=125.661µs dp_per_msg=n=11361139 p50=5 p75=7 p95=491 p99=500 mean=37.54 stddev=116.37 min=1 max=3998
[2m2026-01-19T07:17:30.000441Z[0m [32m INFO[0m main ThreadId(01) [2mchronoxide_ingester::ingester[0m[2m:[0m [2mchronoxide-ingester/src/ingester.rs[0m[2m:[0m[2m108:[0m Source exhausted (EOF)
[2m2026-01-19T07:17:30.050649Z[0m [32m INFO[0m main ThreadId(01) [2mchronoxide_ingester::processor[0m[2m:[0m [2mchronoxide-ingester/src/processor.rs[0m[2m:[0m[2m658:[0m LabelSets store=KeySetDictEncoded messages=11376766 (+15627, 9417.01 msg/s in 1.709624957s) datapoints=427040038 (+509495, 307027.59 dp/s) series=75294581 symbols=2100662 keysets=5630 skipped_non_scalar_values=0 skipped_labelset_errors=0 processing_time=1.214344787s intern_time=1.029822031s build_time=184.522756ms avg_msg_time=77.708µs avg_dp_time=2.383µs
[2m2026-01-19T07:17:30.050676Z[0m [32m INFO[0m main ThreadId(01) [2mchronoxide_ingester::processor[0m[2m:[0m [2mchronoxide-ingester/src/processor.rs[0m[2m:[0m[2m686:[0m LabelSetStoreSize store=KeySetDictEncoded series=75294581 alloc_bytes=13219956068 alloc_bps=175 used_bytes=8941045645 used_bps=118 symbols_alloc_bytes=255852544 symbols_used_bytes=159619493
[2m2026-01-19T07:17:30.050679Z[0m [32m INFO[0m main ThreadId(01) [2mchronoxide_ingester::processor[0m[2m:[0m [2mchronoxide-ingester/src/processor.rs[0m[2m:[0m[2m699:[0m LabelSetStoreBuffers store=KeySetDictEncoded type=chronoxide_core::labels::interners::KeySetLabelSetStoreBufferStats by_hash_len=75294581 by_hash_cap=117440512 by_hash_collisions_len=0 by_hash_collisions_cap=0 series_len=75294581 series_cap=134217728 per_keyset_rows_len=5630 per_keyset_rows_cap=8192 per_keyset_values_len=1735751582 per_keyset_values_cap=2388419429 value_dicts_len=1751 value_dicts_cap=1792 sum_per_key_cardinality=2515927 global_distinct_values=2099126 keysets_len=5630 keysets_cap=8192 keyset_to_id_len=5630 keyset_to_id_cap=7168
[2m2026-01-19T07:17:30.050681Z[0m [32m INFO[0m main ThreadId(01) [2mchronoxide_ingester::processor[0m[2m:[0m [2mchronoxide-ingester/src/processor.rs[0m[2m:[0m[2m707:[0m SymbolTableStats store=KeySetDictEncoded kind=arena symbols=2100662 hash_to_id_len=2100662 hash_to_id_cap=3670016 hash_collisions_len=0 hash_collisions_cap=0 arena_len=113404929 arena_cap=159383552 id_to_loc_len=2100662 id_to_loc_cap=4194304
[2m2026-01-19T07:17:30.050683Z[0m [32m INFO[0m main ThreadId(01) [2mchronoxide_ingester::processor[0m[2m:[0m [2mchronoxide-ingester/src/processor.rs[0m[2m:[0m[2m727:[0m OtlpMetricTypes store=KeySetDictEncoded metrics=84143299 (+113400, 68336.15 metrics/s) gauge=61783674 sum=17435092 histogram=2864425 exponential_histogram=1010536 summary=1049572
[2m2026-01-19T07:17:30.050685Z[0m [32m INFO[0m main ThreadId(01) [2mchronoxide_ingester::processor[0m[2m:[0m [2mchronoxide-ingester/src/processor.rs[0m[2m:[0m[2m753:[0m OtlpUniqueMetrics store=KeySetDictEncoded unique_metrics=20042 (+0, 0.00 unique/s)
[2m2026-01-19T07:17:30.050695Z[0m [32m INFO[0m main ThreadId(01) [2mchronoxide_ingester::processor[0m[2m:[0m [2mchronoxide-ingester/src/processor.rs[0m[2m:[0m[2m774:[0m OtlpDatapointTypes store=KeySetDictEncoded datapoints=427040038 (+509495, 307027.59 dp/s) gauge=243958118 sum=135715135 histogram=25074474 exponential_histogram=20844468 summary=1447843
[2m2026-01-19T07:17:30.050697Z[0m [32m INFO[0m main ThreadId(01) [2mchronoxide_ingester::processor[0m[2m:[0m [2mchronoxide-ingester/src/processor.rs[0m[2m:[0m[2m790:[0m PartitionWatermark 438519 messages with datapoints=17816163 for topic=otlp_metrics partition=20 min_ts=2026-01-18 05:20:57.108 UTC max_ts=2026-01-18 06:04:28.223 UTC, duration=PT2611.115S
[2m2026-01-19T07:17:30.050701Z[0m [32m INFO[0m main ThreadId(01) [2mchronoxide_ingester::processor[0m[2m:[0m [2mchronoxide-ingester/src/processor.rs[0m[2m:[0m[2m790:[0m PartitionWatermark 453874 messages with datapoints=15832622 for topic=otlp_metrics partition=1 min_ts=2026-01-18 05:14:07.854 UTC max_ts=2026-01-18 05:58:04.979 UTC, duration=PT2637.125S
[2m2026-01-19T07:17:30.050703Z[0m [32m INFO[0m main ThreadId(01) [2mchronoxide_ingester::processor[0m[2m:[0m [2mchronoxide-ingester/src/processor.rs[0m[2m:[0m[2m790:[0m PartitionWatermark 322954 messages with datapoints=13628759 for topic=otlp_metrics partition=8 min_ts=2026-01-18 05:21:38.775 UTC max_ts=2026-01-18 05:59:47.046 UTC, duration=PT2288.271S
[2m2026-01-19T07:17:30.050704Z[0m [32m INFO[0m main ThreadId(01) [2mchronoxide_ingester::processor[0m[2m:[0m [2mchronoxide-ingester/src/processor.rs[0m[2m:[0m[2m790:[0m PartitionWatermark 953887 messages with datapoints=31568874 for topic=otlp_metrics partition=10 min_ts=2026-01-18 05:19:12.034 UTC max_ts=2026-01-18 05:58:17.072 UTC, duration=PT2345.038S
[2m2026-01-19T07:17:30.050706Z[0m [32m INFO[0m main ThreadId(01) [2mchronoxide_ingester::processor[0m[2m:[0m [2mchronoxide-ingester/src/processor.rs[0m[2m:[0m[2m790:[0m PartitionWatermark 414731 messages with datapoints=15865946 for topic=otlp_metrics partition=0 min_ts=2026-01-18 05:10:09.342 UTC max_ts=2026-01-18 05:52:23.754 UTC, duration=PT2534.412S
[2m2026-01-19T07:17:30.050707Z[0m [32m INFO[0m main ThreadId(01) [2mchronoxide_ingester::processor[0m[2m:[0m [2mchronoxide-ingester/src/processor.rs[0m[2m:[0m[2m790:[0m PartitionWatermark 626514 messages with datapoints=19131539 for topic=otlp_metrics partition=9 min_ts=2026-01-18 05:20:37.180 UTC max_ts=2026-01-18 06:01:10.070 UTC, duration=PT2432.89S
[2m2026-01-19T07:17:30.050709Z[0m [32m INFO[0m main ThreadId(01) [2mchronoxide_ingester::processor[0m[2m:[0m [2mchronoxide-ingester/src/processor.rs[0m[2m:[0m[2m790:[0m PartitionWatermark 319551 messages with datapoints=11279102 for topic=otlp_metrics partition=7 min_ts=2026-01-18 05:20:16.194 UTC max_ts=2026-01-18 06:00:01.045 UTC, duration=PT2384.851S
[2m2026-01-19T07:17:30.050710Z[0m [32m INFO[0m main ThreadId(01) [2mchronoxide_ingester::processor[0m[2m:[0m [2mchronoxide-ingester/src/processor.rs[0m[2m:[0m[2m790:[0m PartitionWatermark 422926 messages with datapoints=13764406 for topic=otlp_metrics partition=12 min_ts=2026-01-18 05:20:10.730 UTC max_ts=2026-01-18 05:56:08.812 UTC, duration=PT2158.082S
[2m2026-01-19T07:17:30.050712Z[0m [32m INFO[0m main ThreadId(01) [2mchronoxide_ingester::processor[0m[2m:[0m [2mchronoxide-ingester/src/processor.rs[0m[2m:[0m[2m790:[0m PartitionWatermark 554023 messages with datapoints=23138590 for topic=otlp_metrics partition=11 min_ts=2026-01-18 05:18:13.368 UTC max_ts=2026-01-18 05:58:29.575 UTC, duration=PT2416.207S
[2m2026-01-19T07:17:30.050713Z[0m [32m INFO[0m main ThreadId(01) [2mchronoxide_ingester::processor[0m[2m:[0m [2mchronoxide-ingester/src/processor.rs[0m[2m:[0m[2m790:[0m PartitionWatermark 578939 messages with datapoints=21631575 for topic=otlp_metrics partition=19 min_ts=2026-01-18 05:18:00.994 UTC max_ts=2026-01-18 05:58:21.759 UTC, duration=PT2420.765S
[2m2026-01-19T07:17:30.050716Z[0m [32m INFO[0m main ThreadId(01) [2mchronoxide_ingester::processor[0m[2m:[0m [2mchronoxide-ingester/src/processor.rs[0m[2m:[0m[2m790:[0m PartitionWatermark 779599 messages with datapoints=36398680 for topic=otlp_metrics partition=18 min_ts=2026-01-18 05:24:21.465 UTC max_ts=2026-01-18 05:57:11.612 UTC, duration=PT1970.147S
[2m2026-01-19T07:17:30.050717Z[0m [32m INFO[0m main ThreadId(01) [2mchronoxide_ingester::processor[0m[2m:[0m [2mchronoxide-ingester/src/processor.rs[0m[2m:[0m[2m790:[0m PartitionWatermark 297225 messages with datapoints=11428170 for topic=otlp_metrics partition=14 min_ts=2026-01-18 05:17:13.187 UTC max_ts=2026-01-18 05:57:29.780 UTC, duration=PT2416.593S
[2m2026-01-19T07:17:30.050719Z[0m [32m INFO[0m main ThreadId(01) [2mchronoxide_ingester::processor[0m[2m:[0m [2mchronoxide-ingester/src/processor.rs[0m[2m:[0m[2m790:[0m PartitionWatermark 408536 messages with datapoints=17675024 for topic=otlp_metrics partition=21 min_ts=2026-01-18 05:16:41.395 UTC max_ts=2026-01-18 05:56:44.097 UTC, duration=PT2402.702S
[2m2026-01-19T07:17:30.050720Z[0m [32m INFO[0m main ThreadId(01) [2mchronoxide_ingester::processor[0m[2m:[0m [2mchronoxide-ingester/src/processor.rs[0m[2m:[0m[2m790:[0m PartitionWatermark 493787 messages with datapoints=14329553 for topic=otlp_metrics partition=16 min_ts=2026-01-18 05:22:25.558 UTC max_ts=2026-01-18 06:00:51.652 UTC, duration=PT2306.094S
[2m2026-01-19T07:17:30.050722Z[0m [32m INFO[0m main ThreadId(01) [2mchronoxide_ingester::processor[0m[2m:[0m [2mchronoxide-ingester/src/processor.rs[0m[2m:[0m[2m790:[0m PartitionWatermark 348176 messages with datapoints=13627446 for topic=otlp_metrics partition=17 min_ts=2026-01-18 05:16:46.692 UTC max_ts=2026-01-18 05:58:49.415 UTC, duration=PT2522.723S
[2m2026-01-19T07:17:30.050723Z[0m [32m INFO[0m main ThreadId(01) [2mchronoxide_ingester::processor[0m[2m:[0m [2mchronoxide-ingester/src/processor.rs[0m[2m:[0m[2m790:[0m PartitionWatermark 326595 messages with datapoints=11743503 for topic=otlp_metrics partition=5 min_ts=2026-01-18 05:15:59.448 UTC max_ts=2026-01-18 05:53:14.588 UTC, duration=PT2235.14S
[2m2026-01-19T07:17:30.050725Z[0m [32m INFO[0m main ThreadId(01) [2mchronoxide_ingester::processor[0m[2m:[0m [2mchronoxide-ingester/src/processor.rs[0m[2m:[0m[2m790:[0m PartitionWatermark 306025 messages with datapoints=13089190 for topic=otlp_metrics partition=22 min_ts=2026-01-18 05:19:57.897 UTC max_ts=2026-01-18 05:58:24.220 UTC, duration=PT2306.323S
[2m2026-01-19T07:17:30.050726Z[0m [32m INFO[0m main ThreadId(01) [2mchronoxide_ingester::processor[0m[2m:[0m [2mchronoxide-ingester/src/processor.rs[0m[2m:[0m[2m790:[0m PartitionWatermark 800901 messages with datapoints=34195992 for topic=otlp_metrics partition=15 min_ts=2026-01-18 05:18:27.317 UTC max_ts=2026-01-18 06:04:15.337 UTC, duration=PT2748.02S
[2m2026-01-19T07:17:30.050728Z[0m [32m INFO[0m main ThreadId(01) [2mchronoxide_ingester::processor[0m[2m:[0m [2mchronoxide-ingester/src/processor.rs[0m[2m:[0m[2m790:[0m PartitionWatermark 435339 messages with datapoints=15750696 for topic=otlp_metrics partition=6 min_ts=2026-01-18 05:15:50.733 UTC max_ts=2026-01-18 05:56:21.671 UTC, duration=PT2430.938S
[2m2026-01-19T07:17:30.050730Z[0m [32m INFO[0m main ThreadId(01) [2mchronoxide_ingester::processor[0m[2m:[0m [2mchronoxide-ingester/src/processor.rs[0m[2m:[0m[2m790:[0m PartitionWatermark 572808 messages with datapoints=22000035 for topic=otlp_metrics partition=2 min_ts=2026-01-18 05:13:38.047 UTC max_ts=2026-01-18 05:59:53.510 UTC, duration=PT2775.463S
[2m2026-01-19T07:17:30.050731Z[0m [32m INFO[0m main ThreadId(01) [2mchronoxide_ingester::processor[0m[2m:[0m [2mchronoxide-ingester/src/processor.rs[0m[2m:[0m[2m790:[0m PartitionWatermark 305959 messages with datapoints=11886251 for topic=otlp_metrics partition=3 min_ts=2026-01-18 05:20:33.210 UTC max_ts=2026-01-18 05:57:40 UTC, duration=PT2226.79S
[2m2026-01-19T07:17:30.050733Z[0m [32m INFO[0m main ThreadId(01) [2mchronoxide_ingester::processor[0m[2m:[0m [2mchronoxide-ingester/src/processor.rs[0m[2m:[0m[2m790:[0m PartitionWatermark 343776 messages with datapoints=11705448 for topic=otlp_metrics partition=23 min_ts=2026-01-18 05:17:58.565 UTC max_ts=2026-01-18 06:01:10.194 UTC, duration=PT2591.629S
[2m2026-01-19T07:17:30.050735Z[0m [32m INFO[0m main ThreadId(01) [2mchronoxide_ingester::processor[0m[2m:[0m [2mchronoxide-ingester/src/processor.rs[0m[2m:[0m[2m790:[0m PartitionWatermark 472863 messages with datapoints=15637175 for topic=otlp_metrics partition=13 min_ts=2026-01-18 05:18:03.922 UTC max_ts=2026-01-18 05:57:47.836 UTC, duration=PT2383.914S
[2m2026-01-19T07:17:30.050736Z[0m [32m INFO[0m main ThreadId(01) [2mchronoxide_ingester::processor[0m[2m:[0m [2mchronoxide-ingester/src/processor.rs[0m[2m:[0m[2m790:[0m PartitionWatermark 399259 messages with datapoints=13915299 for topic=otlp_metrics partition=4 min_ts=2026-01-18 05:17:57.240 UTC max_ts=2026-01-18 05:55:19.694 UTC, duration=PT2242.454S
[2m2026-01-19T07:17:30.051030Z[0m [32m INFO[0m main ThreadId(01) [2mchronoxide_ingester::processor[0m[2m:[0m [2mchronoxide-ingester/src/processor.rs[0m[2m:[0m[2m815:[0m LabelSetLatency store=KeySetDictEncoded msg_samples=11376766 msg_seen=11376766 dp_samples=11376766 dp_seen=427040038 msg_total=n=11376766 p50=8.838µs p75=15.576µs p95=676.739µs p99=1.464529ms mean=80.94µs stddev=321.601µs min=520ns max=476.307601ms dp_total=n=11376766 p50=1.969µs p75=2.286µs p95=2.92µs p99=3.943µs mean=1.941µs stddev=7.387µs min=365ns max=24.728815ms dp_intern=n=11376766 p50=1.697µs p75=1.965µs p95=2.493µs p99=3.303µs mean=1.653µs stddev=7.377µs min=290ns max=24.727919ms dp_build=n=11376766 p50=271ns p75=327ns p95=428ns p99=611ns mean=287ns stddev=228ns min=52ns max=125.661µs dp_per_msg=n=11376766 p50=5 p75=7 p95=491 p99=500 mean=37.54 stddev=116.36 min=1 max=3998
[2m2026-01-19T07:19:45.395811Z[0m [32m INFO[0m main ThreadId(01) [2mchronoxide_ingester::processor[0m[2m:[0m [2mchronoxide-ingester/src/processor.rs[0m[2m:[0m[2m463:[0m Markdown report written to "ingestion_stats_20260119_151730.md" (time_total=135.344769486s, time_build=135.344609334s, time_per_key_stats=116.981180367s)
[2m2026-01-19T07:19:45.632182Z[0m [32m INFO[0m main ThreadId(01) [2mchronoxide_ingester[0m[2m:[0m [2mchronoxide-ingester/src/main.rs[0m[2m:[0m[2m179:[0m Notifying all tasks waiting for shutdown..
[2m2026-01-19T07:19:45.632224Z[0m [32m INFO[0m main ThreadId(01) [2mchronoxide_ingester[0m[2m:[0m [2mchronoxide-ingester/src/main.rs[0m[2m:[0m[2m192:[0m Shutting down OTLP log meter provider
[2m2026-01-19T07:19:45.632226Z[0m [32m INFO[0m main ThreadId(01) [2mchronoxide_ingester[0m[2m:[0m [2mchronoxide-ingester/src/main.rs[0m[2m:[0m[2m197:[0m Shutdown complete
	Command being timed: "taskset -c 10-16 ./target/release/chronoxide-ingester"
	User time (seconds): 1421.49
	System time (seconds): 3.94
	Percent of CPU this job got: 101%
	Elapsed (wall clock) time (h:mm:ss or m:ss): 23:21.86
	Average shared text size (kbytes): 0
	Average unshared data size (kbytes): 0
	Average stack size (kbytes): 0
	Average total size (kbytes): 0
	Maximum resident set size (kbytes): 15408400
	Average resident set size (kbytes): 0
	Major (requiring I/O) page faults: 0
	Minor (reclaiming a frame) page faults: 5798237
	Voluntary context switches: 848
	Involuntary context switches: 20873
	Swaps: 0
	File system inputs: 0
	File system outputs: 3704
	Socket messages sent: 0
	Socket messages received: 0
	Signals delivered: 0
	Page size (bytes): 4096
	Exit status: 0
